kani::dyn_trait::nested_closures::main::{closure#0}
kani::dyn_trait::nested_closures::main::{closure#1}
kani::dyn_trait::nested_closures::main::{closure#2}
kani::dyn_trait::nested_closures::main::{closure#3}
kani::dyn_trait::nested_closures::main::{closure#4}
kani::dyn_trait::nested_closures::main::{closure#5}